
Allocating common symbols
Common symbol       size              file

data                0x2               ..\obj\main.o
PIN                 0x8               ..\obj\main.o
LED                 0x8               ..\obj\main.o
MSG                 0x10              ..\obj\main.o

Discarded input sections

 .text          0x00000000        0x0 ..\obj\stm32f4xx_usart.o
 .data          0x00000000        0x0 ..\obj\stm32f4xx_usart.o
 .bss           0x00000000        0x0 ..\obj\stm32f4xx_usart.o
 .text.USART_DeInit
                0x00000000       0xd4 ..\obj\stm32f4xx_usart.o
 .text.USART_StructInit
                0x00000000       0x38 ..\obj\stm32f4xx_usart.o
 .text.USART_ClockInit
                0x00000000       0x54 ..\obj\stm32f4xx_usart.o
 .text.USART_ClockStructInit
                0x00000000       0x2c ..\obj\stm32f4xx_usart.o
 .text.USART_SetPrescaler
                0x00000000       0x38 ..\obj\stm32f4xx_usart.o
 .text.USART_OverSampling8Cmd
                0x00000000       0x44 ..\obj\stm32f4xx_usart.o
 .text.USART_OneBitMethodCmd
                0x00000000       0x40 ..\obj\stm32f4xx_usart.o
 .text.USART_SetAddress
                0x00000000       0x38 ..\obj\stm32f4xx_usart.o
 .text.USART_ReceiverWakeUpCmd
                0x00000000       0x40 ..\obj\stm32f4xx_usart.o
 .text.USART_WakeUpConfig
                0x00000000       0x38 ..\obj\stm32f4xx_usart.o
 .text.USART_LINBreakDetectLengthConfig
                0x00000000       0x38 ..\obj\stm32f4xx_usart.o
 .text.USART_LINCmd
                0x00000000       0x40 ..\obj\stm32f4xx_usart.o
 .text.USART_SendBreak
                0x00000000       0x24 ..\obj\stm32f4xx_usart.o
 .text.USART_HalfDuplexCmd
                0x00000000       0x40 ..\obj\stm32f4xx_usart.o
 .text.USART_SetGuardTime
                0x00000000       0x3c ..\obj\stm32f4xx_usart.o
 .text.USART_SmartCardCmd
                0x00000000       0x40 ..\obj\stm32f4xx_usart.o
 .text.USART_SmartCardNACKCmd
                0x00000000       0x40 ..\obj\stm32f4xx_usart.o
 .text.USART_IrDAConfig
                0x00000000       0x38 ..\obj\stm32f4xx_usart.o
 .text.USART_IrDACmd
                0x00000000       0x40 ..\obj\stm32f4xx_usart.o
 .text.USART_DMACmd
                0x00000000       0x48 ..\obj\stm32f4xx_usart.o
 .text.USART_ITConfig
                0x00000000       0x90 ..\obj\stm32f4xx_usart.o
 .text.USART_GetFlagStatus
                0x00000000       0x38 ..\obj\stm32f4xx_usart.o
 .text.USART_ClearFlag
                0x00000000       0x20 ..\obj\stm32f4xx_usart.o
 .text.USART_GetITStatus
                0x00000000       0xb4 ..\obj\stm32f4xx_usart.o
 .text.USART_ClearITPendingBit
                0x00000000       0x38 ..\obj\stm32f4xx_usart.o
 .text          0x00000000        0x0 ..\obj\startup_stm32f4xx.o
 .data          0x00000000        0x0 ..\obj\startup_stm32f4xx.o
 .bss           0x00000000        0x0 ..\obj\startup_stm32f4xx.o
 .text          0x00000000        0x0 ..\obj\main.o
 .data          0x00000000        0x0 ..\obj\main.o
 .bss           0x00000000        0x0 ..\obj\main.o
 .text          0x00000000        0x0 ..\obj\stm32f4xx_rcc.o
 .bss           0x00000000        0x0 ..\obj\stm32f4xx_rcc.o
 .text.RCC_DeInit
                0x00000000       0x50 ..\obj\stm32f4xx_rcc.o
 .text.RCC_HSEConfig
                0x00000000       0x24 ..\obj\stm32f4xx_rcc.o
 .text.RCC_WaitForHSEStartUp
                0x00000000       0x50 ..\obj\stm32f4xx_rcc.o
 .text.RCC_AdjustHSICalibrationValue
                0x00000000       0x3c ..\obj\stm32f4xx_rcc.o
 .text.RCC_HSICmd
                0x00000000       0x20 ..\obj\stm32f4xx_rcc.o
 .text.RCC_LSEConfig
                0x00000000       0x40 ..\obj\stm32f4xx_rcc.o
 .text.RCC_LSICmd
                0x00000000       0x20 ..\obj\stm32f4xx_rcc.o
 .text.RCC_PLLConfig
                0x00000000       0x3c ..\obj\stm32f4xx_rcc.o
 .text.RCC_PLLCmd
                0x00000000       0x20 ..\obj\stm32f4xx_rcc.o
 .text.RCC_PLLI2SConfig
                0x00000000       0x28 ..\obj\stm32f4xx_rcc.o
 .text.RCC_PLLI2SCmd
                0x00000000       0x20 ..\obj\stm32f4xx_rcc.o
 .text.RCC_ClockSecuritySystemCmd
                0x00000000       0x20 ..\obj\stm32f4xx_rcc.o
 .text.RCC_MCO1Config
                0x00000000       0x3c ..\obj\stm32f4xx_rcc.o
 .text.RCC_MCO2Config
                0x00000000       0x3c ..\obj\stm32f4xx_rcc.o
 .text.RCC_SYSCLKConfig
                0x00000000       0x38 ..\obj\stm32f4xx_rcc.o
 .text.RCC_GetSYSCLKSource
                0x00000000       0x1c ..\obj\stm32f4xx_rcc.o
 .text.RCC_HCLKConfig
                0x00000000       0x38 ..\obj\stm32f4xx_rcc.o
 .text.RCC_PCLK1Config
                0x00000000       0x38 ..\obj\stm32f4xx_rcc.o
 .text.RCC_PCLK2Config
                0x00000000       0x38 ..\obj\stm32f4xx_rcc.o
 .text.RCC_RTCCLKConfig
                0x00000000       0x5c ..\obj\stm32f4xx_rcc.o
 .text.RCC_RTCCLKCmd
                0x00000000       0x20 ..\obj\stm32f4xx_rcc.o
 .text.RCC_BackupResetCmd
                0x00000000       0x20 ..\obj\stm32f4xx_rcc.o
 .text.RCC_I2SCLKConfig
                0x00000000       0x1c ..\obj\stm32f4xx_rcc.o
 .text.RCC_AHB2PeriphClockCmd
                0x00000000       0x3c ..\obj\stm32f4xx_rcc.o
 .text.RCC_AHB3PeriphClockCmd
                0x00000000       0x3c ..\obj\stm32f4xx_rcc.o
 .text.RCC_APB1PeriphClockCmd
                0x00000000       0x3c ..\obj\stm32f4xx_rcc.o
 .text.RCC_AHB1PeriphResetCmd
                0x00000000       0x3c ..\obj\stm32f4xx_rcc.o
 .text.RCC_AHB2PeriphResetCmd
                0x00000000       0x3c ..\obj\stm32f4xx_rcc.o
 .text.RCC_AHB3PeriphResetCmd
                0x00000000       0x3c ..\obj\stm32f4xx_rcc.o
 .text.RCC_APB1PeriphResetCmd
                0x00000000       0x3c ..\obj\stm32f4xx_rcc.o
 .text.RCC_APB2PeriphResetCmd
                0x00000000       0x3c ..\obj\stm32f4xx_rcc.o
 .text.RCC_AHB1PeriphClockLPModeCmd
                0x00000000       0x3c ..\obj\stm32f4xx_rcc.o
 .text.RCC_AHB2PeriphClockLPModeCmd
                0x00000000       0x3c ..\obj\stm32f4xx_rcc.o
 .text.RCC_AHB3PeriphClockLPModeCmd
                0x00000000       0x3c ..\obj\stm32f4xx_rcc.o
 .text.RCC_APB1PeriphClockLPModeCmd
                0x00000000       0x3c ..\obj\stm32f4xx_rcc.o
 .text.RCC_APB2PeriphClockLPModeCmd
                0x00000000       0x3c ..\obj\stm32f4xx_rcc.o
 .text.RCC_ITConfig
                0x00000000       0x4c ..\obj\stm32f4xx_rcc.o
 .text.RCC_GetFlagStatus
                0x00000000       0x74 ..\obj\stm32f4xx_rcc.o
 .text.RCC_ClearFlag
                0x00000000       0x1c ..\obj\stm32f4xx_rcc.o
 .text.RCC_GetITStatus
                0x00000000       0x34 ..\obj\stm32f4xx_rcc.o
 .text.RCC_ClearITPendingBit
                0x00000000       0x20 ..\obj\stm32f4xx_rcc.o
 .text          0x00000000        0x0 ..\obj\stm32f4xx_gpio.o
 .data          0x00000000        0x0 ..\obj\stm32f4xx_gpio.o
 .bss           0x00000000        0x0 ..\obj\stm32f4xx_gpio.o
 .text.GPIO_DeInit
                0x00000000      0x120 ..\obj\stm32f4xx_gpio.o
 .text.GPIO_StructInit
                0x00000000       0x34 ..\obj\stm32f4xx_gpio.o
 .text.GPIO_PinLockConfig
                0x00000000       0x44 ..\obj\stm32f4xx_gpio.o
 .text.GPIO_ReadInputDataBit
                0x00000000       0x34 ..\obj\stm32f4xx_gpio.o
 .text.GPIO_ReadInputData
                0x00000000       0x18 ..\obj\stm32f4xx_gpio.o
 .text.GPIO_ReadOutputDataBit
                0x00000000       0x34 ..\obj\stm32f4xx_gpio.o
 .text.GPIO_ReadOutputData
                0x00000000       0x18 ..\obj\stm32f4xx_gpio.o
 .text.GPIO_WriteBit
                0x00000000       0x30 ..\obj\stm32f4xx_gpio.o
 .text.GPIO_Write
                0x00000000       0x1c ..\obj\stm32f4xx_gpio.o
 .text.GPIO_ToggleBits
                0x00000000       0x24 ..\obj\stm32f4xx_gpio.o
 .text          0x00000000        0x0 ..\obj\system_stm32f4xx.o
 .data          0x00000000       0x14 ..\obj\system_stm32f4xx.o
 .bss           0x00000000        0x0 ..\obj\system_stm32f4xx.o
 .text.SystemInit
                0x00000000       0x5c ..\obj\system_stm32f4xx.o
 .text.SystemCoreClockUpdate
                0x00000000       0xf8 ..\obj\system_stm32f4xx.o
 .text.SetSysClock
                0x00000000       0xf4 ..\obj\system_stm32f4xx.o
 .debug_info    0x00000000      0x596 ..\obj\system_stm32f4xx.o
 .debug_abbrev  0x00000000      0x138 ..\obj\system_stm32f4xx.o
 .debug_aranges
                0x00000000       0x30 ..\obj\system_stm32f4xx.o
 .debug_ranges  0x00000000       0x20 ..\obj\system_stm32f4xx.o
 .debug_line    0x00000000      0x226 ..\obj\system_stm32f4xx.o
 .debug_str     0x00000000      0x3bc ..\obj\system_stm32f4xx.o
 .comment       0x00000000       0x6f ..\obj\system_stm32f4xx.o
 .debug_frame   0x00000000       0x7c ..\obj\system_stm32f4xx.o
 .ARM.attributes
                0x00000000       0x33 ..\obj\system_stm32f4xx.o
 .text          0x00000000        0x0 ..\obj\syscalls.o
 .data          0x00000000        0x0 ..\obj\syscalls.o
 .bss           0x00000000        0x4 ..\obj\syscalls.o
 .text._sbrk    0x00000000       0x3c ..\obj\syscalls.o
 .text.link     0x00000000       0x18 ..\obj\syscalls.o
 .text._close   0x00000000       0x18 ..\obj\syscalls.o
 .text._fstat   0x00000000       0x20 ..\obj\syscalls.o
 .text._isatty  0x00000000       0x14 ..\obj\syscalls.o
 .text._lseek   0x00000000       0x18 ..\obj\syscalls.o
 .text._read    0x00000000       0x18 ..\obj\syscalls.o
 .text._write   0x00000000       0x18 ..\obj\syscalls.o
 .text.abort    0x00000000        0x8 ..\obj\syscalls.o
 .debug_info    0x00000000      0x3f5 ..\obj\syscalls.o
 .debug_abbrev  0x00000000       0xe5 ..\obj\syscalls.o
 .debug_aranges
                0x00000000       0x60 ..\obj\syscalls.o
 .debug_ranges  0x00000000       0x50 ..\obj\syscalls.o
 .debug_line    0x00000000      0x198 ..\obj\syscalls.o
 .debug_str     0x00000000      0x304 ..\obj\syscalls.o
 .comment       0x00000000       0x6f ..\obj\syscalls.o
 .debug_frame   0x00000000      0x168 ..\obj\syscalls.o
 .ARM.attributes
                0x00000000       0x33 ..\obj\syscalls.o

Memory Configuration

Name             Origin             Length             Attributes
rom              0x08000000         0x00100000         xr
ram              0x20000000         0x00020000         xrw
ram1             0x10000000         0x00010000         xrw
*default*        0x00000000         0xffffffff

Linker script and memory map

                0x20020000                _eram = 0x20020000

.text           0x08000000      0x9ae
 *(.isr_vector)
 .isr_vector    0x08000000      0x188 ..\obj\startup_stm32f4xx.o
                0x08000000                g_pfnVectors
 *(.text*)
 .text.USART_Init
                0x08000188      0x178 ..\obj\stm32f4xx_usart.o
                0x08000188                USART_Init
 .text.USART_Cmd
                0x08000300       0x40 ..\obj\stm32f4xx_usart.o
                0x08000300                USART_Cmd
 .text.USART_SendData
                0x08000340       0x24 ..\obj\stm32f4xx_usart.o
                0x08000340                USART_SendData
 .text.USART_ReceiveData
                0x08000364       0x20 ..\obj\stm32f4xx_usart.o
                0x08000364                USART_ReceiveData
 .text.Default_Reset_Handler
                0x08000384       0x5c ..\obj\startup_stm32f4xx.o
                0x08000384                Default_Reset_Handler
                0x08000384                Reset_Handler
 .text.Default_Handler
                0x080003e0        0x8 ..\obj\startup_stm32f4xx.o
                0x080003e0                RTC_Alarm_IRQHandler
                0x080003e0                HASH_RNG_IRQHandler
                0x080003e0                EXTI2_IRQHandler
                0x080003e0                TIM8_CC_IRQHandler
                0x080003e0                DebugMon_Handler
                0x080003e0                TIM1_CC_IRQHandler
                0x080003e0                DMA2_Stream5_IRQHandler
                0x080003e0                HardFault_Handler
                0x080003e0                DMA1_Stream5_IRQHandler
                0x080003e0                SysTick_Handler
                0x080003e0                PVD_IRQHandler
                0x080003e0                SDIO_IRQHandler
                0x080003e0                TAMP_STAMP_IRQHandler
                0x080003e0                PendSV_Handler
                0x080003e0                NMI_Handler
                0x080003e0                CAN2_RX1_IRQHandler
                0x080003e0                EXTI3_IRQHandler
                0x080003e0                TIM8_TRG_COM_TIM14_IRQHandler
                0x080003e0                TIM1_UP_TIM10_IRQHandler
                0x080003e0                TIM8_UP_TIM13_IRQHandler
                0x080003e0                I2C3_ER_IRQHandler
                0x080003e0                EXTI0_IRQHandler
                0x080003e0                I2C2_EV_IRQHandler
                0x080003e0                DMA1_Stream2_IRQHandler
                0x080003e0                CAN1_RX0_IRQHandler
                0x080003e0                FPU_IRQHandler
                0x080003e0                OTG_HS_WKUP_IRQHandler
                0x080003e0                UsageFault_Handler
                0x080003e0                CAN2_SCE_IRQHandler
                0x080003e0                DMA2_Stream2_IRQHandler
                0x080003e0                SPI1_IRQHandler
                0x080003e0                TIM6_DAC_IRQHandler
                0x080003e0                TIM1_BRK_TIM9_IRQHandler
                0x080003e0                DCMI_IRQHandler
                0x080003e0                CAN2_RX0_IRQHandler
                0x080003e0                DMA2_Stream3_IRQHandler
                0x080003e0                USART6_IRQHandler
                0x080003e0                USART3_IRQHandler
                0x080003e0                CRYP_IRQHandler
                0x080003e0                CAN1_RX1_IRQHandler
                0x080003e0                UART5_IRQHandler
                0x080003e0                DMA2_Stream0_IRQHandler
                0x080003e0                TIM4_IRQHandler
                0x080003e0                I2C1_EV_IRQHandler
                0x080003e0                DMA1_Stream6_IRQHandler
                0x080003e0                DMA1_Stream1_IRQHandler
                0x080003e0                UART4_IRQHandler
                0x080003e0                TIM3_IRQHandler
                0x080003e0                RCC_IRQHandler
                0x080003e0                TIM8_BRK_TIM12_IRQHandler
                0x080003e0                EXTI15_10_IRQHandler
                0x080003e0                ADC_IRQHandler
                0x080003e0                DMA1_Stream7_IRQHandler
                0x080003e0                TIM7_IRQHandler
                0x080003e0                CAN2_TX_IRQHandler
                0x080003e0                TIM5_IRQHandler
                0x080003e0                DMA2_Stream7_IRQHandler
                0x080003e0                I2C3_EV_IRQHandler
                0x080003e0                EXTI9_5_IRQHandler
                0x080003e0                RTC_WKUP_IRQHandler
                0x080003e0                ETH_WKUP_IRQHandler
                0x080003e0                SPI2_IRQHandler
                0x080003e0                OTG_HS_EP1_IN_IRQHandler
                0x080003e0                MemManage_Handler
                0x080003e0                DMA1_Stream0_IRQHandler
                0x080003e0                CAN1_TX_IRQHandler
                0x080003e0                SVC_Handler
                0x080003e0                EXTI4_IRQHandler
                0x080003e0                FSMC_IRQHandler
                0x080003e0                ETH_IRQHandler
                0x080003e0                OTG_HS_EP1_OUT_IRQHandler
                0x080003e0                WWDG_IRQHandler
                0x080003e0                TIM2_IRQHandler
                0x080003e0                OTG_FS_WKUP_IRQHandler
                0x080003e0                TIM1_TRG_COM_TIM11_IRQHandler
                0x080003e0                OTG_HS_IRQHandler
                0x080003e0                EXTI1_IRQHandler
                0x080003e0                USART2_IRQHandler
                0x080003e0                I2C2_ER_IRQHandler
                0x080003e0                DMA2_Stream1_IRQHandler
                0x080003e0                CAN1_SCE_IRQHandler
                0x080003e0                FLASH_IRQHandler
                0x080003e0                DMA2_Stream4_IRQHandler
                0x080003e0                BusFault_Handler
                0x080003e0                USART1_IRQHandler
                0x080003e0                OTG_FS_IRQHandler
                0x080003e0                SPI3_IRQHandler
                0x080003e0                DMA1_Stream4_IRQHandler
                0x080003e0                I2C1_ER_IRQHandler
                0x080003e0                DMA2_Stream6_IRQHandler
                0x080003e0                DMA1_Stream3_IRQHandler
 .text.GPIO_registers
                0x080003e8       0xd4 ..\obj\main.o
                0x080003e8                GPIO_registers
 .text.USART_registers
                0x080004bc       0x50 ..\obj\main.o
                0x080004bc                USART_registers
 .text.send_string
                0x0800050c       0x44 ..\obj\main.o
                0x0800050c                send_string
 .text.recieve  0x08000550       0x34 ..\obj\main.o
                0x08000550                recieve
 .text.main     0x08000584       0x60 ..\obj\main.o
                0x08000584                main
 .text.RCC_GetClocksFreq
                0x080005e4      0x154 ..\obj\stm32f4xx_rcc.o
                0x080005e4                RCC_GetClocksFreq
 .text.RCC_AHB1PeriphClockCmd
                0x08000738       0x3c ..\obj\stm32f4xx_rcc.o
                0x08000738                RCC_AHB1PeriphClockCmd
 .text.RCC_APB2PeriphClockCmd
                0x08000774       0x3c ..\obj\stm32f4xx_rcc.o
                0x08000774                RCC_APB2PeriphClockCmd
 .text.GPIO_Init
                0x080007b0      0x11c ..\obj\stm32f4xx_gpio.o
                0x080007b0                GPIO_Init
 .text.GPIO_SetBits
                0x080008cc       0x1c ..\obj\stm32f4xx_gpio.o
                0x080008cc                GPIO_SetBits
 .text.GPIO_ResetBits
                0x080008e8       0x1c ..\obj\stm32f4xx_gpio.o
                0x080008e8                GPIO_ResetBits
 .text.GPIO_PinAFConfig
                0x08000904       0x90 ..\obj\stm32f4xx_gpio.o
                0x08000904                GPIO_PinAFConfig
 *(.init)
 *(.fini)
 *crtbegin.o(.ctors)
 *crtbegin?.o(.ctors)
 *(EXCLUDE_FILE(*crtend.o *crtend?.o) .ctors)
 *(SORT(.ctors.*))
 *(.ctors)
 *crtbegin.o(.dtors)
 *crtbegin?.o(.dtors)
 *(EXCLUDE_FILE(*crtend.o *crtend?.o) .dtors)
 *(SORT(.dtors.*))
 *(.dtors)
 *(.rodata*)
 .rodata        0x08000994       0x1a ..\obj\main.o
 *(.eh_fram e*)

.glue_7         0x080009b0        0x0
 .glue_7        0x080009b0        0x0 linker stubs

.glue_7t        0x080009b0        0x0
 .glue_7t       0x080009b0        0x0 linker stubs

.vfp11_veneer   0x080009b0        0x0
 .vfp11_veneer  0x080009b0        0x0 linker stubs

.v4_bx          0x080009b0        0x0
 .v4_bx         0x080009b0        0x0 linker stubs

.iplt           0x080009b0        0x0
 .iplt          0x080009b0        0x0 ..\obj\stm32f4xx_usart.o

.rel.dyn        0x080009b0        0x0
 .rel.iplt      0x080009b0        0x0 ..\obj\stm32f4xx_usart.o

.ARM.extab
 *(.ARM.extab* .gnu.linkonce.armextab.*)
                0x080009b0                __exidx_start = .

.ARM.exidx
 *(.ARM.exidx* .gnu.linkonce.armexidx.*)
                0x080009b0                __exidx_end = .
                0x080009b0                __etext = .
                0x080009ae                _sidata = __etext

.data           0x20000000       0x10 load address 0x080009ae
                0x20000000                __data_start__ = .
                0x20000000                _sdata = __data_start__
 *(vtable)
 *(.data*)
 .data          0x20000000       0x10 ..\obj\stm32f4xx_rcc.o
                0x20000010                . = ALIGN (0x4)
                [!provide]                PROVIDE (__preinit_array_start, .)
 *(.preinit_array)
                [!provide]                PROVIDE (__preinit_array_end, .)
                0x20000010                . = ALIGN (0x4)
                [!provide]                PROVIDE (__init_array_start, .)
 *(SORT(.init_array.*))
 *(.init_array)
                [!provide]                PROVIDE (__init_array_end, .)
                0x20000010                . = ALIGN (0x4)
                [!provide]                PROVIDE (__fini_array_start, .)
 *(SORT(.fini_array.*))
 *(.fini_array)
                [!provide]                PROVIDE (__fini_array_end, .)
 *(.jcr*)
                0x20000010                . = ALIGN (0x4)
                0x20000010                __data_end__ = .
                0x20000010                _edata = __data_end__

.igot.plt       0x20000010        0x0 load address 0x080009c0
 .igot.plt      0x20000010        0x0 ..\obj\stm32f4xx_usart.o

.bss            0x20000010       0x24 load address 0x080009c0
                0x20000010                . = ALIGN (0x4)
                0x20000010                __bss_start__ = .
                0x20000010                _sbss = __bss_start__
 *(.bss*)
 *(COMMON)
 COMMON         0x20000010       0x24 ..\obj\main.o
                0x20000010                data
                0x20000014                PIN
                0x2000001c                LED
                0x20000024                MSG
                0x20000034                . = ALIGN (0x4)
                0x20000034                __bss_end__ = .
                0x20000034                _ebss = __bss_end__

.heap           0x20000034        0x0
                0x20000034                __end__ = .
                0x20000034                _end = __end__
                0x20000034                end = __end__
 *(.heap*)
                0x20000034                __HeapLimit = .

.co_stack       0x20000034      0x804 load address 0x080009e4
                0x20000038                . = ALIGN (0x8)
 *fill*         0x20000034        0x4 
 *(.co_stack .co_stack.*)
 .co_stack      0x20000038      0x800 ..\obj\startup_stm32f4xx.o
                0x20000038                pulStack
                0x20020000                __StackTop = (ORIGIN (ram) + LENGTH (ram))
                0x2001f7fc                __StackLimit = (__StackTop - SIZEOF (.co_stack))
                [!provide]                PROVIDE (__stack, __StackTop)
                0x00000001                ASSERT ((__StackLimit >= __HeapLimit), region ram  overflowed with stack)
LOAD ..\obj\stm32f4xx_usart.o
LOAD ..\obj\startup_stm32f4xx.o
LOAD ..\obj\main.o
LOAD ..\obj\stm32f4xx_rcc.o
LOAD ..\obj\stm32f4xx_gpio.o
LOAD ..\obj\system_stm32f4xx.o
LOAD ..\obj\syscalls.o
START GROUP
LOAD c:/program files (x86)/gnu tools arm embedded/5.2 2015q4/bin/../lib/gcc/arm-none-eabi/5.2.1/armv7e-m\libgcc.a
LOAD c:/program files (x86)/gnu tools arm embedded/5.2 2015q4/bin/../lib/gcc/arm-none-eabi/5.2.1/../../../../arm-none-eabi/lib/armv7e-m\libg.a
LOAD c:/program files (x86)/gnu tools arm embedded/5.2 2015q4/bin/../lib/gcc/arm-none-eabi/5.2.1/../../../../arm-none-eabi/lib/armv7e-m\libc.a
END GROUP
OUTPUT(UART_RxTx.elf elf32-littlearm)

.debug_info     0x00000000     0x21d9
 .debug_info    0x00000000      0x9ca ..\obj\stm32f4xx_usart.o
 .debug_info    0x000009ca       0xed ..\obj\startup_stm32f4xx.o
 .debug_info    0x00000ab7      0x4af ..\obj\main.o
 .debug_info    0x00000f66      0xc59 ..\obj\stm32f4xx_rcc.o
 .debug_info    0x00001bbf      0x61a ..\obj\stm32f4xx_gpio.o

.debug_abbrev   0x00000000      0x71e
 .debug_abbrev  0x00000000      0x157 ..\obj\stm32f4xx_usart.o
 .debug_abbrev  0x00000157       0xb0 ..\obj\startup_stm32f4xx.o
 .debug_abbrev  0x00000207      0x18b ..\obj\main.o
 .debug_abbrev  0x00000392      0x1e5 ..\obj\stm32f4xx_rcc.o
 .debug_abbrev  0x00000577      0x1a7 ..\obj\stm32f4xx_gpio.o

.debug_aranges  0x00000000      0x368
 .debug_aranges
                0x00000000      0x100 ..\obj\stm32f4xx_usart.o
 .debug_aranges
                0x00000100       0x28 ..\obj\startup_stm32f4xx.o
 .debug_aranges
                0x00000128       0x40 ..\obj\main.o
 .debug_aranges
                0x00000168      0x178 ..\obj\stm32f4xx_rcc.o
 .debug_aranges
                0x000002e0       0x88 ..\obj\stm32f4xx_gpio.o

.debug_ranges   0x00000000      0x318
 .debug_ranges  0x00000000       0xf0 ..\obj\stm32f4xx_usart.o
 .debug_ranges  0x000000f0       0x18 ..\obj\startup_stm32f4xx.o
 .debug_ranges  0x00000108       0x30 ..\obj\main.o
 .debug_ranges  0x00000138      0x168 ..\obj\stm32f4xx_rcc.o
 .debug_ranges  0x000002a0       0x78 ..\obj\stm32f4xx_gpio.o

.debug_line     0x00000000     0x1294
 .debug_line    0x00000000      0x521 ..\obj\stm32f4xx_usart.o
 .debug_line    0x00000521       0xb3 ..\obj\startup_stm32f4xx.o
 .debug_line    0x000005d4      0x2eb ..\obj\main.o
 .debug_line    0x000008bf      0x60d ..\obj\stm32f4xx_rcc.o
 .debug_line    0x00000ecc      0x3c8 ..\obj\stm32f4xx_gpio.o

.debug_str      0x00000000     0x1090
 .debug_str     0x00000000      0x626 ..\obj\stm32f4xx_usart.o
                                0x6a1 (size before relaxing)
 .debug_str     0x00000626       0xc2 ..\obj\startup_stm32f4xx.o
                                0x159 (size before relaxing)
 .debug_str     0x000006e8      0x1fe ..\obj\main.o
                                0x445 (size before relaxing)
 .debug_str     0x000008e6      0x5f5 ..\obj\stm32f4xx_rcc.o
                                0x862 (size before relaxing)
 .debug_str     0x00000edb      0x1b5 ..\obj\stm32f4xx_gpio.o
                                0x4b5 (size before relaxing)

.comment        0x00000000       0x6e
 .comment       0x00000000       0x6e ..\obj\stm32f4xx_usart.o
                                 0x6f (size before relaxing)
 .comment       0x0000006e       0x6f ..\obj\startup_stm32f4xx.o
 .comment       0x0000006e       0x6f ..\obj\main.o
 .comment       0x0000006e       0x6f ..\obj\stm32f4xx_rcc.o
 .comment       0x0000006e       0x6f ..\obj\stm32f4xx_gpio.o

.ARM.attributes
                0x00000000       0x33
 .ARM.attributes
                0x00000000       0x33 ..\obj\stm32f4xx_usart.o
 .ARM.attributes
                0x00000033       0x33 ..\obj\startup_stm32f4xx.o
 .ARM.attributes
                0x00000066       0x33 ..\obj\main.o
 .ARM.attributes
                0x00000099       0x33 ..\obj\stm32f4xx_rcc.o
 .ARM.attributes
                0x000000cc       0x33 ..\obj\stm32f4xx_gpio.o

.debug_frame    0x00000000      0xea0
 .debug_frame   0x00000000      0x490 ..\obj\stm32f4xx_usart.o
 .debug_frame   0x00000490       0x4c ..\obj\startup_stm32f4xx.o
 .debug_frame   0x000004dc       0xb4 ..\obj\main.o
 .debug_frame   0x00000590      0x6d4 ..\obj\stm32f4xx_rcc.o
 .debug_frame   0x00000c64      0x23c ..\obj\stm32f4xx_gpio.o
